Turbo Assembler	 Version 3.2	    11/13/15 21:59:54	    Page 1
PR1.ASM



      1	0000			     .MODEL SMALL
      2
      3	0000			     .DATA
      4	0000  01F4			     A DW 500
      5	0002  0190			     B DW 400
      6	0004  0064			     C DW 100
      7
      8	0006			     .CODE
      9	0000  B8 0000s			     MOV AX, seg A ;Indicamos la posicion de memoria de	A
     10	0003  8E D8			     MOV DS, AX	;Indicamos que los datos se van	a escribir en AX
     11
     12	0005  A1 0000r			     MOV AX, A ;movemos	la variable A al registro acumulador AX
     13	0008  2B 06 0002r		     SUB AX, B ;restamos a AX el valor de B
     14	000C  2B 06 0004r		     SUB AX, C ;restamos a AX el valor de C
     15
     16	0010  B4 4C			     MOV AH, 4ch
     17	0012  CD 21			     INT 21h
     18				     END
Turbo Assembler	 Version 3.2	    11/13/15 21:59:54	    Page 2
Symbol Table




Symbol Name			  Type	 Value

??DATE				  Text	 "11/13/15"
??FILENAME			  Text	 "PR1	  "
??TIME				  Text	 "21:59:54"
??VERSION			  Number 0314
@32BIT				  Text	 0
@CODE				  Text	 _TEXT
@CODESIZE			  Text	 0
@CPU				  Text	 0101H
@CURSEG				  Text	 _TEXT
@DATA				  Text	 DGROUP
@DATASIZE			  Text	 0
@FILENAME			  Text	 PR1
@INTERFACE			  Text	 00H
@MODEL				  Text	 2
@STACK				  Text	 DGROUP
@WORDSIZE			  Text	 2
A				  Word	 DGROUP:0000
B				  Word	 DGROUP:0002
C				  Word	 DGROUP:0004

Groups & Segments		  Bit Size Align  Combine Class

DGROUP				  Group
  _DATA				  16  0006 Word	  Public  DATA
_TEXT				  16  0014 Word	  Public  CODE
